2020-02-16 22:40:30.449 21406-21406/ercanduman.freefalldetectionchallenge V/AudioManager: playSoundEffect   effectType: 0
2020-02-16 22:40:31.161 21406-21406/ercanduman.freefalldetectionchallenge D/CubicBezierInterpolator: CubicBezierInterpolator  mControlPoint1x = 0.23, mControlPoint1y = 0.06, mControlPoint2x = 0.09, mControlPoint2y = 0.97
2020-02-16 22:40:31.164 21406-21406/ercanduman.freefalldetectionchallenge D/CubicBezierInterpolator: CubicBezierInterpolator  mControlPoint1x = 0.6, mControlPoint1y = 0.9, mControlPoint2x = 0.8, mControlPoint2y = 1.0
2020-02-16 22:40:31.166 21406-21406/ercanduman.freefalldetectionchallenge D/CubicBezierInterpolator: CubicBezierInterpolator  mControlPoint1x = 0.23, mControlPoint1y = 0.06, mControlPoint2x = 0.09, mControlPoint2y = 0.97
2020-02-16 22:40:31.167 21406-21406/ercanduman.freefalldetectionchallenge D/CubicBezierInterpolator: CubicBezierInterpolator  mControlPoint1x = 0.6, mControlPoint1y = 0.9, mControlPoint2x = 0.8, mControlPoint2y = 1.0
2020-02-16 22:40:31.245 21406-21406/ercanduman.freefalldetectionchallenge V/AudioManager: playSoundEffect   effectType: 0
2020-02-16 22:40:31.245 21406-21406/ercanduman.freefalldetectionchallenge D/SensorEventHandler: startSensorListening() - called.
2020-02-16 22:40:31.280 21406-21412/ercanduman.freefalldetectionchallenge I/zygote64: Do partial code cache collection, code=117KB, data=97KB
2020-02-16 22:40:31.280 21406-21412/ercanduman.freefalldetectionchallenge I/zygote64: After code cache collection, code=117KB, data=97KB
2020-02-16 22:40:31.281 21406-21412/ercanduman.freefalldetectionchallenge I/zygote64: Increasing code cache capacity to 512KB
2020-02-16 22:40:31.406 21406-21412/ercanduman.freefalldetectionchallenge I/zygote64: Compiler allocated 6MB to compile void android.view.ViewRootImpl.performTraversals()
2020-02-16 22:40:34.459 21406-21406/ercanduman.freefalldetectionchallenge D/SensorEventHandler: Fall Detected...
2020-02-16 22:40:34.460 21406-21406/ercanduman.freefalldetectionchallenge D/MainActivity: createNotification() - called.
2020-02-16 22:40:34.470 21406-21406/ercanduman.freefalldetectionchallenge E/NotificationManager: notifyAsUser: tag=null, id=101, user=UserHandle{0}
2020-02-16 22:40:34.479 21406-21406/ercanduman.freefalldetectionchallenge D/SensorEventHandler: freeFall: FreeFall(timestamp=2020-02-16 22:40:34.477, duration=18)
2020-02-16 22:40:34.659 21406-21406/ercanduman.freefalldetectionchallenge D/SensorEventHandler: Shake detected...
2020-02-16 22:40:34.860 21406-21406/ercanduman.freefalldetectionchallenge D/SensorEventHandler: Shake detected...
2020-02-16 22:40:35.260 21406-21406/ercanduman.freefalldetectionchallenge I/chatty: uid=11176(u0_a1176) ercanduman.freefalldetectionchallenge identical 2 lines
2020-02-16 22:40:35.459 21406-21406/ercanduman.freefalldetectionchallenge D/SensorEventHandler: Shake detected...
2020-02-16 22:40:35.660 21406-21406/ercanduman.freefalldetectionchallenge D/SensorEventHandler: Fall Detected...
2020-02-16 22:40:35.660 21406-21406/ercanduman.freefalldetectionchallenge D/MainActivity: createNotification() - called.
2020-02-16 22:40:35.667 21406-21406/ercanduman.freefalldetectionchallenge E/NotificationManager: notifyAsUser: tag=null, id=101, user=UserHandle{0}
2020-02-16 22:40:35.678 21406-21406/ercanduman.freefalldetectionchallenge D/SensorEventHandler: freeFall: FreeFall(timestamp=2020-02-16 22:40:35.678, duration=19)
2020-02-16 22:40:35.859 21406-21406/ercanduman.freefalldetectionchallenge D/SensorEventHandler: Shake detected...
2020-02-16 22:40:36.460 21406-21406/ercanduman.freefalldetectionchallenge I/chatty: uid=11176(u0_a1176) ercanduman.freefalldetectionchallenge identical 3 lines
2020-02-16 22:40:36.660 21406-21406/ercanduman.freefalldetectionchallenge D/SensorEventHandler: Shake detected...
2020-02-16 22:40:36.860 21406-21406/ercanduman.freefalldetectionchallenge D/SensorEventHandler: Fall Detected...
2020-02-16 22:40:36.860 21406-21406/ercanduman.freefalldetectionchallenge D/MainActivity: createNotification() - called.
2020-02-16 22:40:36.867 21406-21406/ercanduman.freefalldetectionchallenge E/NotificationManager: notifyAsUser: tag=null, id=101, user=UserHandle{0}
2020-02-16 22:40:36.879 21406-21406/ercanduman.freefalldetectionchallenge D/SensorEventHandler: freeFall: FreeFall(timestamp=2020-02-16 22:40:36.878, duration=19)
2020-02-16 22:40:37.059 21406-21406/ercanduman.freefalldetectionchallenge D/SensorEventHandler: Shake detected...
2020-02-16 22:40:37.259 21406-21406/ercanduman.freefalldetectionchallenge D/SensorEventHandler: Shake detected...
2020-02-16 22:40:37.460 21406-21406/ercanduman.freefalldetectionchallenge D/SensorEventHandler: Shake detected...
2020-02-16 22:40:37.660 21406-21406/ercanduman.freefalldetectionchallenge D/SensorEventHandler: Shake detected...
2020-02-16 22:40:37.860 21406-21406/ercanduman.freefalldetectionchallenge D/SensorEventHandler: Shake detected...
2020-02-16 22:40:38.060 21406-21406/ercanduman.freefalldetectionchallenge D/SensorEventHandler: Fall Detected...
2020-02-16 22:40:38.060 21406-21406/ercanduman.freefalldetectionchallenge D/MainActivity: createNotification() - called.
2020-02-16 22:40:38.067 21406-21406/ercanduman.freefalldetectionchallenge E/NotificationManager: notifyAsUser: tag=null, id=101, user=UserHandle{0}
2020-02-16 22:40:38.080 21406-21406/ercanduman.freefalldetectionchallenge D/SensorEventHandler: freeFall: FreeFall(timestamp=2020-02-16 22:40:38.078, duration=19)
2020-02-16 22:40:38.259 21406-21406/ercanduman.freefalldetectionchallenge D/SensorEventHandler: Shake detected...
2020-02-16 22:40:38.460 21406-21406/ercanduman.freefalldetectionchallenge D/SensorEventHandler: Shake detected...
2020-02-16 22:40:38.660 21406-21406/ercanduman.freefalldetectionchallenge D/SensorEventHandler: Shake detected...
2020-02-16 22:40:38.860 21406-21406/ercanduman.freefalldetectionchallenge D/SensorEventHandler: Shake detected...
2020-02-16 22:40:39.059 21406-21406/ercanduman.freefalldetectionchallenge D/SensorEventHandler: Shake detected...
2020-02-16 22:40:39.460 21406-21406/ercanduman.freefalldetectionchallenge D/SensorEventHandler: Fall Detected...
2020-02-16 22:40:39.460 21406-21406/ercanduman.freefalldetectionchallenge D/MainActivity: createNotification() - called.
2020-02-16 22:40:39.468 21406-21406/ercanduman.freefalldetectionchallenge E/NotificationManager: notifyAsUser: tag=null, id=101, user=UserHandle{0}
2020-02-16 22:40:39.482 21406-21406/ercanduman.freefalldetectionchallenge D/SensorEventHandler: freeFall: FreeFall(timestamp=2020-02-16 22:40:39.479, duration=20)
2020-02-16 22:40:39.659 21406-21406/ercanduman.freefalldetectionchallenge D/SensorEventHandler: Shake detected...
2020-02-16 22:40:39.860 21406-21406/ercanduman.freefalldetectionchallenge D/SensorEventHandler: Shake detected...
2020-02-16 22:40:40.060 21406-21406/ercanduman.freefalldetectionchallenge D/SensorEventHandler: Shake detected...
2020-02-16 22:40:40.260 21406-21406/ercanduman.freefalldetectionchallenge D/SensorEventHandler: Shake detected...
2020-02-16 22:40:40.460 21406-21406/ercanduman.freefalldetectionchallenge D/SensorEventHandler: Shake detected...
2020-02-16 22:40:41.060 21406-21406/ercanduman.freefalldetectionchallenge D/SensorEventHandler: Fall Detected...
2020-02-16 22:40:41.060 21406-21406/ercanduman.freefalldetectionchallenge D/MainActivity: createNotification() - called.
2020-02-16 22:40:41.068 21406-21406/ercanduman.freefalldetectionchallenge E/NotificationManager: notifyAsUser: tag=null, id=101, user=UserHandle{0}
2020-02-16 22:40:41.081 21406-21406/ercanduman.freefalldetectionchallenge D/SensorEventHandler: freeFall: FreeFall(timestamp=2020-02-16 22:40:41.079, duration=20)
2020-02-16 22:40:41.259 21406-21406/ercanduman.freefalldetectionchallenge D/SensorEventHandler: Shake detected...
2020-02-16 22:40:41.460 21406-21406/ercanduman.freefalldetectionchallenge I/chatty: uid=11176(u0_a1176) ercanduman.freefalldetectionchallenge identical 1 line
2020-02-16 22:40:41.660 21406-21406/ercanduman.freefalldetectionchallenge D/SensorEventHandler: Shake detected...
2020-02-16 22:40:41.860 21406-21406/ercanduman.freefalldetectionchallenge D/SensorEventHandler: Shake detected...
2020-02-16 22:40:42.059 21406-21406/ercanduman.freefalldetectionchallenge D/SensorEventHandler: Shake detected...
2020-02-16 22:40:42.260 21406-21406/ercanduman.freefalldetectionchallenge D/SensorEventHandler: Fall Detected...
2020-02-16 22:40:42.260 21406-21406/ercanduman.freefalldetectionchallenge D/MainActivity: createNotification() - called.
2020-02-16 22:40:42.267 21406-21406/ercanduman.freefalldetectionchallenge E/NotificationManager: notifyAsUser: tag=null, id=101, user=UserHandle{0}
2020-02-16 22:40:42.278 21406-21406/ercanduman.freefalldetectionchallenge D/SensorEventHandler: freeFall: FreeFall(timestamp=2020-02-16 22:40:42.277, duration=18)
2020-02-16 22:40:42.459 21406-21406/ercanduman.freefalldetectionchallenge D/SensorEventHandler: Shake detected...
2020-02-16 22:40:42.660 21406-21406/ercanduman.freefalldetectionchallenge D/SensorEventHandler: Shake detected...
2020-02-16 22:40:42.860 21406-21406/ercanduman.freefalldetectionchallenge D/SensorEventHandler: Shake detected...
2020-02-16 22:40:43.060 21406-21406/ercanduman.freefalldetectionchallenge I/chatty: uid=11176(u0_a1176) ercanduman.freefalldetectionchallenge identical 1 line
2020-02-16 22:40:43.260 21406-21406/ercanduman.freefalldetectionchallenge D/SensorEventHandler: Shake detected...
2020-02-16 22:40:43.860 21406-21406/ercanduman.freefalldetectionchallenge D/SensorEventHandler: Fall Detected...
2020-02-16 22:40:43.860 21406-21406/ercanduman.freefalldetectionchallenge D/MainActivity: createNotification() - called.
2020-02-16 22:40:43.867 21406-21406/ercanduman.freefalldetectionchallenge E/NotificationManager: notifyAsUser: tag=null, id=101, user=UserHandle{0}
2020-02-16 22:40:43.880 21406-21406/ercanduman.freefalldetectionchallenge D/SensorEventHandler: freeFall: FreeFall(timestamp=2020-02-16 22:40:43.879, duration=20)
2020-02-16 22:40:44.059 21406-21406/ercanduman.freefalldetectionchallenge D/SensorEventHandler: Shake detected...
2020-02-16 22:40:44.459 21406-21406/ercanduman.freefalldetectionchallenge I/chatty: uid=11176(u0_a1176) ercanduman.freefalldetectionchallenge identical 2 lines
2020-02-16 22:40:44.660 21406-21406/ercanduman.freefalldetectionchallenge D/SensorEventHandler: Shake detected...
2020-02-16 22:40:47.060 21406-21406/ercanduman.freefalldetectionchallenge D/SensorEventHandler: Fall Detected...
2020-02-16 22:40:47.060 21406-21406/ercanduman.freefalldetectionchallenge D/MainActivity: createNotification() - called.
2020-02-16 22:40:47.067 21406-21406/ercanduman.freefalldetectionchallenge E/NotificationManager: notifyAsUser: tag=null, id=101, user=UserHandle{0}
2020-02-16 22:40:47.078 21406-21406/ercanduman.freefalldetectionchallenge D/SensorEventHandler: freeFall: FreeFall(timestamp=2020-02-16 22:40:47.077, duration=18)
2020-02-16 22:40:47.259 21406-21406/ercanduman.freefalldetectionchallenge D/SensorEventHandler: Shake detected...
2020-02-16 22:40:47.459 21406-21406/ercanduman.freefalldetectionchallenge D/SensorEventHandler: Shake detected...
2020-02-16 22:40:47.659 21406-21406/ercanduman.freefalldetectionchallenge D/SensorEventHandler: Shake detected...
2020-02-16 22:40:47.860 21406-21406/ercanduman.freefalldetectionchallenge D/SensorEventHandler: Shake detected...
2020-02-16 22:40:48.059 21406-21406/ercanduman.freefalldetectionchallenge D/SensorEventHandler: Shake detected...
2020-02-16 22:40:50.460 21406-21406/ercanduman.freefalldetectionchallenge D/SensorEventHandler: Fall Detected...
2020-02-16 22:40:50.460 21406-21406/ercanduman.freefalldetectionchallenge D/MainActivity: createNotification() - called.
2020-02-16 22:40:50.467 21406-21406/ercanduman.freefalldetectionchallenge E/NotificationManager: notifyAsUser: tag=null, id=101, user=UserHandle{0}
2020-02-16 22:40:50.478 21406-21406/ercanduman.freefalldetectionchallenge D/SensorEventHandler: freeFall: FreeFall(timestamp=2020-02-16 22:40:50.477, duration=18)
2020-02-16 22:40:50.659 21406-21406/ercanduman.freefalldetectionchallenge D/SensorEventHandler: Shake detected...
2020-02-16 22:40:50.860 21406-21406/ercanduman.freefalldetectionchallenge D/SensorEventHandler: Shake detected...
2020-02-16 22:40:51.060 21406-21406/ercanduman.freefalldetectionchallenge D/SensorEventHandler: Shake detected...
2020-02-16 22:40:51.260 21406-21406/ercanduman.freefalldetectionchallenge D/SensorEventHandler: Shake detected...
2020-02-16 22:40:55.228 21406-21406/ercanduman.freefalldetectionchallenge V/AudioManager: playSoundEffect   effectType: 0
2020-02-16 22:40:55.284 21406-21433/ercanduman.freefalldetectionchallenge D/OpenGLRenderer:   HWUI Binary is  enabled
2020-02-16 22:40:55.348 21406-21433/ercanduman.freefalldetectionchallenge D/mali_winsys: EGLint new_window_surface(egl_winsys_display *, void *, EGLSurface, EGLConfig, egl_winsys_surface **, egl_color_buffer_format *, EGLBoolean) returns 0x3000
2020-02-16 22:40:55.384 21406-21433/ercanduman.freefalldetectionchallenge D/OpenGLRenderer:   HWUI Binary is  enabled
2020-02-16 22:40:55.412 21406-21412/ercanduman.freefalldetectionchallenge I/zygote64: Do full code cache collection, code=242KB, data=213KB
2020-02-16 22:40:55.412 21406-21412/ercanduman.freefalldetectionchallenge I/zygote64: After code cache collection, code=240KB, data=169KB
2020-02-16 22:40:56.040 21406-21406/ercanduman.freefalldetectionchallenge V/AudioManager: playSoundEffect   effectType: 0
2020-02-16 22:40:56.041 21406-21406/ercanduman.freefalldetectionchallenge D/MainActivity: stopSensorListening() - called.
2020-02-16 22:40:56.041 21406-21406/ercanduman.freefalldetectionchallenge D/SensorEventHandler: finish() - called.
2020-02-16 22:40:56.076 21406-21406/ercanduman.freefalldetectionchallenge V/InputMethodManager: Reporting focus gain, without startInput
2020-02-16 22:40:56.363 21406-21433/ercanduman.freefalldetectionchallenge W/libEGL: EGLNativeWindowType 0x7b09644010 disconnect failed
2020-02-16 22:40:56.363 21406-21433/ercanduman.freefalldetectionchallenge D/OpenGLRenderer: endAllActiveAnimators on 0x7b0b6dc400 (MenuPopupWindow$MenuDropDownListView) with handle 0x7b0c8582e0
2020-02-16 22:41:18.571 21406-21406/ercanduman.freefalldetectionchallenge V/AudioManager: playSoundEffect   effectType: 0
2020-02-16 22:41:18.884 21406-21412/ercanduman.freefalldetectionchallenge I/zygote64: Do partial code cache collection, code=251KB, data=187KB
2020-02-16 22:41:18.885 21406-21412/ercanduman.freefalldetectionchallenge I/zygote64: After code cache collection, code=251KB, data=187KB
2020-02-16 22:41:18.885 21406-21412/ercanduman.freefalldetectionchallenge I/zygote64: Increasing code cache capacity to 1024KB
2020-02-16 22:41:19.261 21406-21406/ercanduman.freefalldetectionchallenge D/CubicBezierInterpolator: CubicBezierInterpolator  mControlPoint1x = 0.23, mControlPoint1y = 0.06, mControlPoint2x = 0.09, mControlPoint2y = 0.97
2020-02-16 22:41:19.262 21406-21406/ercanduman.freefalldetectionchallenge D/CubicBezierInterpolator: CubicBezierInterpolator  mControlPoint1x = 0.6, mControlPoint1y = 0.9, mControlPoint2x = 0.8, mControlPoint2y = 1.0
2020-02-16 22:41:19.264 21406-21406/ercanduman.freefalldetectionchallenge D/CubicBezierInterpolator: CubicBezierInterpolator  mControlPoint1x = 0.23, mControlPoint1y = 0.06, mControlPoint2x = 0.09, mControlPoint2y = 0.97
2020-02-16 22:41:19.265 21406-21406/ercanduman.freefalldetectionchallenge D/CubicBezierInterpolator: CubicBezierInterpolator  mControlPoint1x = 0.6, mControlPoint1y = 0.9, mControlPoint2x = 0.8, mControlPoint2y = 1.0
2020-02-16 22:41:19.337 21406-21406/ercanduman.freefalldetectionchallenge V/AudioManager: playSoundEffect   effectType: 0

****************** ForegroundService started when app is no longer visible (destroyed) logs ****************************

2020-02-16 22:41:19.337 21406-21406/ercanduman.freefalldetectionchallenge D/SensorEventHandler: startSensorListening() - called.
2020-02-16 22:41:20.361 21406-21433/ercanduman.freefalldetectionchallenge W/libEGL: EGLNativeWindowType 0x7b29c76010 disconnect failed
2020-02-16 22:41:33.220 21616-21616/ercanduman.freefalldetectionchallenge D/SensorEventHandler: Fall Detected...
2020-02-16 22:41:33.220 21616-21616/ercanduman.freefalldetectionchallenge D/ForegroundService: createNotification() - called.
2020-02-16 22:41:33.224 21616-21616/ercanduman.freefalldetectionchallenge E/NotificationManager: notifyAsUser: tag=null, id=101, user=UserHandle{0}
2020-02-16 22:41:33.238 21616-21616/ercanduman.freefalldetectionchallenge D/SensorEventHandler: freeFall: FreeFall(timestamp=2020-02-16 22:41:33.235, duration=15)
2020-02-16 22:41:33.419 21616-21616/ercanduman.freefalldetectionchallenge D/SensorEventHandler: Shake detected...
2020-02-16 22:41:33.819 21616-21616/ercanduman.freefalldetectionchallenge D/SensorEventHandler: Shake detected...
2020-02-16 22:41:34.019 21616-21616/ercanduman.freefalldetectionchallenge D/SensorEventHandler: Shake detected...
2020-02-16 22:41:34.220 21616-21616/ercanduman.freefalldetectionchallenge D/SensorEventHandler: Shake detected...
2020-02-16 22:41:34.619 21616-21616/ercanduman.freefalldetectionchallenge D/SensorEventHandler: Fall Detected...
2020-02-16 22:41:34.619 21616-21616/ercanduman.freefalldetectionchallenge D/ForegroundService: createNotification() - called.
2020-02-16 22:41:34.622 21616-21616/ercanduman.freefalldetectionchallenge E/NotificationManager: notifyAsUser: tag=null, id=101, user=UserHandle{0}
2020-02-16 22:41:34.630 21616-21616/ercanduman.freefalldetectionchallenge D/SensorEventHandler: freeFall: FreeFall(timestamp=2020-02-16 22:41:34.628, duration=9)
2020-02-16 22:41:34.819 21616-21616/ercanduman.freefalldetectionchallenge D/SensorEventHandler: Shake detected...
2020-02-16 22:41:35.019 21616-21616/ercanduman.freefalldetectionchallenge D/SensorEventHandler: Shake detected...
2020-02-16 22:41:35.219 21616-21616/ercanduman.freefalldetectionchallenge D/SensorEventHandler: Shake detected...
2020-02-16 22:41:35.419 21616-21616/ercanduman.freefalldetectionchallenge D/SensorEventHandler: Shake detected...
2020-02-16 22:41:35.619 21616-21616/ercanduman.freefalldetectionchallenge D/SensorEventHandler: Shake detected...
2020-02-16 22:41:35.819 21616-21616/ercanduman.freefalldetectionchallenge D/SensorEventHandler: Fall Detected...
2020-02-16 22:41:35.819 21616-21616/ercanduman.freefalldetectionchallenge D/ForegroundService: createNotification() - called.
2020-02-16 22:41:35.822 21616-21616/ercanduman.freefalldetectionchallenge E/NotificationManager: notifyAsUser: tag=null, id=101, user=UserHandle{0}
2020-02-16 22:41:35.830 21616-21616/ercanduman.freefalldetectionchallenge D/SensorEventHandler: freeFall: FreeFall(timestamp=2020-02-16 22:41:35.829, duration=10)
2020-02-16 22:41:36.019 21616-21616/ercanduman.freefalldetectionchallenge D/SensorEventHandler: Shake detected...
2020-02-16 22:41:36.219 21616-21616/ercanduman.freefalldetectionchallenge I/chatty: uid=11176(u0_a1176) ercanduman.freefalldetectionchallenge identical 1 line
2020-02-16 22:41:36.419 21616-21616/ercanduman.freefalldetectionchallenge D/SensorEventHandler: Shake detected...
2020-02-16 22:41:36.619 21616-21616/ercanduman.freefalldetectionchallenge D/SensorEventHandler: Shake detected...
2020-02-16 22:41:36.819 21616-21616/ercanduman.freefalldetectionchallenge D/SensorEventHandler: Shake detected...
2020-02-16 22:41:37.019 21616-21616/ercanduman.freefalldetectionchallenge D/SensorEventHandler: Fall Detected...
2020-02-16 22:41:37.019 21616-21616/ercanduman.freefalldetectionchallenge D/ForegroundService: createNotification() - called.
2020-02-16 22:41:37.022 21616-21616/ercanduman.freefalldetectionchallenge E/NotificationManager: notifyAsUser: tag=null, id=101, user=UserHandle{0}
2020-02-16 22:41:37.028 21616-21616/ercanduman.freefalldetectionchallenge D/SensorEventHandler: freeFall: FreeFall(timestamp=2020-02-16 22:41:37.027, duration=8)
2020-02-16 22:41:37.219 21616-21616/ercanduman.freefalldetectionchallenge D/SensorEventHandler: Shake detected...
2020-02-16 22:41:37.419 21616-21616/ercanduman.freefalldetectionchallenge D/SensorEventHandler: Shake detected...
2020-02-16 22:41:37.619 21616-21616/ercanduman.freefalldetectionchallenge D/SensorEventHandler: Shake detected...
2020-02-16 22:41:37.819 21616-21616/ercanduman.freefalldetectionchallenge D/SensorEventHandler: Shake detected...
2020-02-16 22:41:38.019 21616-21616/ercanduman.freefalldetectionchallenge D/SensorEventHandler: Shake detected...
2020-02-16 22:41:39.865 21616-21616/ercanduman.freefalldetectionchallenge I/HwCust: Constructor found for class android.app.HwCustActivityImpl
2020-02-16 22:41:39.865 21616-21616/ercanduman.freefalldetectionchallenge D/HwCust: Create obj success use class android.app.HwCustActivityImpl
2020-02-16 22:41:39.881 21616-21616/ercanduman.freefalldetectionchallenge V/HwPolicyFactory: : success to get AllImpl object and return....
2020-02-16 22:41:39.886 21616-21616/ercanduman.freefalldetectionchallenge I/HwCust: Constructor found for class android.app.HwCustHwWallpaperManagerImpl
2020-02-16 22:41:39.887 21616-21616/ercanduman.freefalldetectionchallenge D/HwCust: Create obj success use class android.app.HwCustHwWallpaperManagerImpl
2020-02-16 22:41:39.892 21616-21616/ercanduman.freefalldetectionchallenge V/HwWidgetFactory: : successes to get AllImpl object and return....
2020-02-16 22:41:39.899 21616-21616/ercanduman.freefalldetectionchallenge V/ActivityThread: ActivityThread,callActivityOnCreate
2020-02-16 22:41:39.982 21616-21616/ercanduman.freefalldetectionchallenge D/HwRTBlurUtils: check blur style for HwPhoneWindow, themeResId : 0x7f100009, context : ercanduman.freefalldetectionchallenge.ui.MainActivity@efaa7c8, Nhwext : 0, get Blur : disable with , null
2020-02-16 22:41:39.983 21616-21616/ercanduman.freefalldetectionchallenge D/HwRTBlurUtils: check blur style for HwPhoneWindow, themeResId : 0x7f100009, context : ercanduman.freefalldetectionchallenge.ui.MainActivity@efaa7c8, Nhwext : 0, get Blur : disable with , null
2020-02-16 22:41:40.039 21616-21616/ercanduman.freefalldetectionchallenge D/CubicBezierInterpolator: CubicBezierInterpolator  mControlPoint1x = 0.23, mControlPoint1y = 0.06, mControlPoint2x = 0.09, mControlPoint2y = 0.97
2020-02-16 22:41:40.041 21616-21616/ercanduman.freefalldetectionchallenge D/CubicBezierInterpolator: CubicBezierInterpolator  mControlPoint1x = 0.6, mControlPoint1y = 0.9, mControlPoint2x = 0.8, mControlPoint2y = 1.0
2020-02-16 22:41:40.042 21616-21616/ercanduman.freefalldetectionchallenge D/CubicBezierInterpolator: CubicBezierInterpolator  mControlPoint1x = 0.23, mControlPoint1y = 0.06, mControlPoint2x = 0.09, mControlPoint2y = 0.97
2020-02-16 22:41:40.042 21616-21616/ercanduman.freefalldetectionchallenge D/CubicBezierInterpolator: CubicBezierInterpolator  mControlPoint1x = 0.6, mControlPoint1y = 0.9, mControlPoint2x = 0.8, mControlPoint2y = 1.0
2020-02-16 22:41:40.089 21616-21616/ercanduman.freefalldetectionchallenge D/HwGalleryCacheManagerImpl: mIsEffect:false
2020-02-16 22:41:40.130 21616-21616/ercanduman.freefalldetectionchallenge D/MainActivity: initFab() - called.
2020-02-16 22:41:40.138 21616-21616/ercanduman.freefalldetectionchallenge D/ActivityThread: add activity client record, r= ActivityRecord{a1ab218 token=android.os.BinderProxy@57cc9dc {ercanduman.freefalldetectionchallenge/ercanduman.freefalldetectionchallenge.ui.MainActivity}} token= android.os.BinderProxy@57cc9dc
2020-02-16 22:41:40.148 21616-21616/ercanduman.freefalldetectionchallenge I/HwSecImmHelper: mSecurityInputMethodService is null
2020-02-16 22:41:40.159 21616-21616/ercanduman.freefalldetectionchallenge D/OpenGLRenderer:   HWUI Binary is  enabled
2020-02-16 22:41:40.162 21616-21689/ercanduman.freefalldetectionchallenge D/OpenGLRenderer: HWUI GL Pipeline
2020-02-16 22:41:40.179 21616-21616/ercanduman.freefalldetectionchallenge I/PressGestureDetector: onAttached begin
2020-02-16 22:41:40.180 21616-21616/ercanduman.freefalldetectionchallenge I/PressGestureDetector: onAttached end
2020-02-16 22:41:40.183 21616-21690/ercanduman.freefalldetectionchallenge I/PressGestureDetector: HiTouch restricted: AboardArea.
2020-02-16 22:41:40.249 21616-21689/ercanduman.freefalldetectionchallenge I/OpenGLRenderer: Initialized EGL, version 1.4
2020-02-16 22:41:40.249 21616-21689/ercanduman.freefalldetectionchallenge D/OpenGLRenderer: Swap behavior 2
2020-02-16 22:41:40.259 21616-21689/ercanduman.freefalldetectionchallenge D/mali_winsys: EGLint new_window_surface(egl_winsys_display *, void *, EGLSurface, EGLConfig, egl_winsys_surface **, egl_color_buffer_format *, EGLBoolean) returns 0x3000
2020-02-16 22:41:40.328 21616-21621/ercanduman.freefalldetectionchallenge I/zygote64: Do partial code cache collection, code=30KB, data=25KB
2020-02-16 22:41:40.329 21616-21621/ercanduman.freefalldetectionchallenge I/zygote64: After code cache collection, code=30KB, data=25KB
2020-02-16 22:41:40.329 21616-21621/ercanduman.freefalldetectionchallenge I/zygote64: Increasing code cache capacity to 128KB
2020-02-16 22:41:40.357 21616-21616/ercanduman.freefalldetectionchallenge W/InputMethodManager: startInputReason = 1
2020-02-16 22:41:40.376 21616-21616/ercanduman.freefalldetectionchallenge W/InputMethodManager: startInputReason = 5
2020-02-16 22:41:41.018 21616-21616/ercanduman.freefalldetectionchallenge I/hwaps: JNI_OnLoad
2020-02-16 22:41:41.124 21616-21616/ercanduman.freefalldetectionchallenge V/AudioManager: playSoundEffect   effectType: 0
2020-02-16 22:41:41.184 21616-21616/ercanduman.freefalldetectionchallenge D/HwWechatOptimizeImpl: mIsEffect:false
2020-02-16 22:41:41.198 21616-21689/ercanduman.freefalldetectionchallenge D/OpenGLRenderer:   HWUI Binary is  enabled
2020-02-16 22:41:41.254 21616-21689/ercanduman.freefalldetectionchallenge D/mali_winsys: EGLint new_window_surface(egl_winsys_display *, void *, EGLSurface, EGLConfig, egl_winsys_surface **, egl_color_buffer_format *, EGLBoolean) returns 0x3000
2020-02-16 22:41:41.322 21616-21689/ercanduman.freefalldetectionchallenge D/OpenGLRenderer:   HWUI Binary is  enabled
2020-02-16 22:41:41.537 21616-21621/ercanduman.freefalldetectionchallenge I/zygote64: Do partial code cache collection, code=53KB, data=57KB
2020-02-16 22:41:41.538 21616-21621/ercanduman.freefalldetectionchallenge I/zygote64: After code cache collection, code=53KB, data=57KB
2020-02-16 22:41:41.538 21616-21621/ercanduman.freefalldetectionchallenge I/zygote64: Increasing code cache capacity to 256KB
2020-02-16 22:41:41.995 21616-21616/ercanduman.freefalldetectionchallenge V/AudioManager: playSoundEffect   effectType: 0
2020-02-16 22:41:41.996 21616-21616/ercanduman.freefalldetectionchallenge D/MainActivity: stopSensorListening() - called.
2020-02-16 22:41:41.996 21616-21616/ercanduman.freefalldetectionchallenge D/SensorEventHandler: finish() - called.
2020-02-16 22:41:42.035 21616-21616/ercanduman.freefalldetectionchallenge D/ForegroundService: onDestroy() - called.
2020-02-16 22:41:42.035 21616-21616/ercanduman.freefalldetectionchallenge D/SensorEventHandler: finish() - called.
2020-02-16 22:41:42.051 21616-21616/ercanduman.freefalldetectionchallenge V/InputMethodManager: Reporting focus gain, without startInput
2020-02-16 22:41:42.337 21616-21689/ercanduman.freefalldetectionchallenge W/libEGL: EGLNativeWindowType 0x7b0c722010 disconnect failed
2020-02-16 22:41:42.337 21616-21689/ercanduman.freefalldetectionchallenge D/OpenGLRenderer: endAllActiveAnimators on 0x7b0c67f800 (MenuPopupWindow$MenuDropDownListView) with handle 0x7b159ff300
